Nothing to build in platform 'Final_lInux_allgpio'

23:08:59 **** Incremental Build of configuration Debug for project Gpiotest ****
make all 
'Building file: ../src/main.c'
'Invoking: MicroBlaze gcc compiler'
mb-gcc -Wall -O0 -g3 -c -fmessage-length=0 -MT"src/main.o" -IC:/Users/doluwamu.kaye/Documents/GitHub/Linux_Microblaze_Final/Linux_Vitis_workspace/Final_lInux_allgpio/export/Final_lInux_allgpio/sw/Final_lInux_allgpio/standalone_microblaze_0/bspinclude/include -mlittle-endian -mcpu=v11.0 -mxl-soft-mul -Wl,--no-relax -ffunction-sections -fdata-sections -MMD -MP -MF"src/main.d" -MT"src/main.o" -o "src/main.o" "../src/main.c"
'Finished building: ../src/main.c'
' '
'Building target: Gpiotest.elf'
'Invoking: MicroBlaze gcc linker'
mb-gcc -Wl,-T -Wl,../src/lscript.ld -LC:/Users/doluwamu.kaye/Documents/GitHub/Linux_Microblaze_Final/Linux_Vitis_workspace/Final_lInux_allgpio/export/Final_lInux_allgpio/sw/Final_lInux_allgpio/standalone_microblaze_0/bsplib/lib -mlittle-endian -mcpu=v11.0 -mxl-soft-mul -Wl,--no-relax -Wl,--gc-sections -o "Gpiotest.elf"  ./src/main.o   -Wl,--start-group,-lxil,-lgcc,-lc,--end-group
'Finished building target: Gpiotest.elf'
' '
'Invoking: MicroBlaze Print Size'
mb-size Gpiotest.elf  |tee "Gpiotest.elf.size"
   text	   data	    bss	    dec	    hex	filename
   7580	    392	   3148	  11120	   2b70	Gpiotest.elf
'Finished building: Gpiotest.elf.size'
' '
