Nothing to build in platform 'Linux_bd_wrapper'

13:11:25 **** Incremental Build of configuration Debug for project Linux_mb ****
make all 
'Building file: ../src/linuxtest.c'
'Invoking: MicroBlaze g++ compiler'
mb-g++ -Wall -O0 -g3 -c -fmessage-length=0 -MT"src/linuxtest.o" -IC:/Users/doluwamu.kaye/Documents/GitHub/Linux_Microblaze_V1.0/Linux_bd_wrapper/export/Linux_bd_wrapper/sw/Linux_bd_wrapper/standalone_microblaze_0/bspinclude/include -mlittle-endian -mxl-barrel-shift -mxl-pattern-compare -mno-xl-soft-div -mcpu=v11.0 -mno-xl-soft-mul -mxl-multiply-high -mhard-float -Wl,--no-relax -ffunction-sections -fdata-sections -MMD -MP -MF"src/linuxtest.d" -MT"src/linuxtest.o" -o "src/linuxtest.o" "../src/linuxtest.c"
../src/linuxtest.c:10:31: warning: integer overflow in expression of type 'int' results in '-489934592' [-Woverflow]
   10 | u32 tickCount = TIMER_FREQ_HZ * TIMER_DURATION; // Number of ticks for 10 seconds
      |                               ^
'Finished building: ../src/linuxtest.c'
' '
'Building target: Linux_mb.elf'
'Invoking: MicroBlaze g++ linker'
mb-g++ -Wl,-T -Wl,../src/lscript.ld -LC:/Users/doluwamu.kaye/Documents/GitHub/Linux_Microblaze_V1.0/Linux_bd_wrapper/export/Linux_bd_wrapper/sw/Linux_bd_wrapper/standalone_microblaze_0/bsplib/lib -mlittle-endian -mxl-barrel-shift -mxl-pattern-compare -mno-xl-soft-div -mcpu=v11.0 -mno-xl-soft-mul -mxl-multiply-high -mhard-float -Wl,--no-relax -Wl,--gc-sections -o "Linux_mb.elf"  ./src/linuxtest.o   -Wl,--start-group,-lxil,-lgcc,-lc,-lstdc++,--end-group
'Finished building target: Linux_mb.elf'
' '
'Invoking: MicroBlaze Print Size'
mb-size Linux_mb.elf  |tee "Linux_mb.elf.size"
   text	   data	    bss	    dec	    hex	filename
   7796	    452	   3168	  11416	   2c98	Linux_mb.elf
'Finished building: Linux_mb.elf.size'
' '
